
> studysystem---ads-case-study@0.0.0 build
> vite build

[36mvite v6.4.1 [32mbuilding for production...[36m[39m
transforming...
[32mÔ£ô[39m 165 modules transformed.

PWA v0.21.2
mode      generateSW
precache  51 entries (3026.17 KiB)
files generated
  dist/sw.js
  dist/workbox-1d305bb8.js

Ô£¿ [vite-plugin-compression]:algorithm=gzip - compressed file successfully: 
dist/C:/Users/Alexandre-Janaina/Documents/studysystem---ads-case-study (1)/assets/AchievementsPage-CYWWltJZ.js.gz              5.71kb / gzip: 1.79kb
dist/C:/Users/Alexandre-Janaina/Documents/studysystem---ads-case-study (1)/assets/AdminSettingsPage-Dni67ZOp.js.gz             5.45kb / gzip: 1.68kb
dist/C:/Users/Alexandre-Janaina/Documents/studysystem---ads-case-study (1)/assets/AdminCourseAccessPage-BUDOulH1.js.gz         7.05kb / gzip: 2.33kb
dist/C:/Users/Alexandre-Janaina/Documents/studysystem---ads-case-study (1)/assets/AuditSessionDetailModal-Bg8xmtBQ.js.gz       6.39kb / gzip: 1.90kb
dist/C:/Users/Alexandre-Janaina/Documents/studysystem---ads-case-study (1)/assets/AuditPage-1ZJ9XFRg.js.gz                     11.67kb / gzip: 3.16kb
dist/C:/Users/Alexandre-Janaina/Documents/studysystem---ads-case-study (1)/assets/BuddyFullPage-C2HwFaTw.js.gz                 13.65kb / gzip: 3.99kb
dist/C:/Users/Alexandre-Janaina/Documents/studysystem---ads-case-study (1)/assets/CourseEnrollmentModal-DVOue453.js.gz         5.99kb / gzip: 1.74kb
dist/C:/Users/Alexandre-Janaina/Documents/studysystem---ads-case-study (1)/assets/CourseOverview-CjgjX8dY.js.gz                14.90kb / gzip: 3.53kb
dist/C:/Users/Alexandre-Janaina/Documents/studysystem---ads-case-study (1)/assets/DropboxCallbackPage-OEHO7Ipy.js.gz           2.80kb / gzip: 1.13kb
dist/C:/Users/Alexandre-Janaina/Documents/studysystem---ads-case-study (1)/assets/AdminContentManagement-CvzCphOt.js.gz        46.79kb / gzip: 8.46kb
dist/C:/Users/Alexandre-Janaina/Documents/studysystem---ads-case-study (1)/assets/DropboxService-yntjZF49.js.gz                4.59kb / gzip: 1.84kb
dist/C:/Users/Alexandre-Janaina/Documents/studysystem---ads-case-study (1)/assets/FileManagement-p3vXbt-0.js.gz                13.77kb / gzip: 3.50kb
dist/C:/Users/Alexandre-Janaina/Documents/studysystem---ads-case-study (1)/assets/content-vendor-DajSjiQI.js.gz                39.88kb / gzip: 12.23kb
dist/C:/Users/Alexandre-Janaina/Documents/studysystem---ads-case-study (1)/assets/GeminiBuddy-CTemM8ZU.js.gz                   8.02kb / gzip: 2.93kb
dist/C:/Users/Alexandre-Janaina/Documents/studysystem---ads-case-study (1)/assets/dropbox-vendor-C1PF9oHH.js.gz                46.54kb / gzip: 7.56kb
dist/C:/Users/Alexandre-Janaina/Documents/studysystem---ads-case-study (1)/assets/lesson-requirements-CMN2AZK7.js.gz           1.92kb / gzip: 0.72kb
dist/C:/Users/Alexandre-Janaina/Documents/studysystem---ads-case-study (1)/assets/AchievementsList-D4P8OSP5.js.gz              4.47kb / gzip: 1.66kb
dist/C:/Users/Alexandre-Janaina/Documents/studysystem---ads-case-study (1)/assets/MarkdownRenderer-CcFLB6zn.js.gz              5.02kb / gzip: 2.68kb
dist/C:/Users/Alexandre-Janaina/Documents/studysystem---ads-case-study (1)/assets/pdfExtractor-BjHiL1Or.js.gz                  1.99kb / gzip: 1.04kb
dist/C:/Users/Alexandre-Janaina/Documents/studysystem---ads-case-study (1)/assets/PendingApprovalScreen-DVy_xe3d.js.gz         4.06kb / gzip: 1.40kb
dist/C:/Users/Alexandre-Janaina/Documents/studysystem---ads-case-study (1)/assets/QuestionnaireManagementPage-A0cRdePR.js.gz   43.69kb / gzip: 9.60kb
dist/C:/Users/Alexandre-Janaina/Documents/studysystem---ads-case-study (1)/assets/quizUtils-CM03kmm8.js.gz                     4.63kb / gzip: 2.00kb
dist/C:/Users/Alexandre-Janaina/Documents/studysystem---ads-case-study (1)/assets/StudentDashboard-DnIaTt2D.js.gz              30.45kb / gzip: 7.45kb
dist/C:/Users/Alexandre-Janaina/Documents/studysystem---ads-case-study (1)/assets/SystemHealth-0aCJhgMA.js.gz                  9.02kb / gzip: 2.44kb
dist/C:/Users/Alexandre-Janaina/Documents/studysystem---ads-case-study (1)/assets/Sidebar-CIE2rvWL.js.gz                       33.53kb / gzip: 6.57kb
dist/C:/Users/Alexandre-Janaina/Documents/studysystem---ads-case-study (1)/index.html.gz                                       1.78kb / gzip: 0.76kb
dist/C:/Users/Alexandre-Janaina/Documents/studysystem---ads-case-study (1)/sw.js.gz                                            4.50kb / gzip: 1.72kb
dist/C:/Users/Alexandre-Janaina/Documents/studysystem---ads-case-study (1)/workbox-1d305bb8.js.gz                              21.36kb / gzip: 7.26kb
dist/C:/Users/Alexandre-Janaina/Documents/studysystem---ads-case-study (1)/assets/UserManagement-B4MrRHOm.js.gz                74.28kb / gzip: 13.74kb
dist/C:/Users/Alexandre-Janaina/Documents/studysystem---ads-case-study (1)/assets/form-vendor-D7JIqeHD.js.gz                   79.84kb / gzip: 24.17kb
dist/C:/Users/Alexandre-Janaina/Documents/studysystem---ads-case-study (1)/assets/index-CaAh4J17.css.gz                        163.41kb / gzip: 23.22kb
dist/C:/Users/Alexandre-Janaina/Documents/studysystem---ads-case-study (1)/assets/react-vendor-DyvY7HL8.js.gz                  47.15kb / gzip: 16.69kb
dist/C:/Users/Alexandre-Janaina/Documents/studysystem---ads-case-study (1)/assets/supabase-vendor-CIvuJI4W.js.gz               167.11kb / gzip: 43.06kb
dist/C:/Users/Alexandre-Janaina/Documents/studysystem---ads-case-study (1)/assets/ui-vendor-BpiYgzal.js.gz                     153.25kb / gzip: 48.53kb
dist/C:/Users/Alexandre-Janaina/Documents/studysystem---ads-case-study (1)/assets/LessonContentEditorPage-D6l611Hn.js.gz       264.50kb / gzip: 58.54kb
dist/C:/Users/Alexandre-Janaina/Documents/studysystem---ads-case-study (1)/assets/charts-vendor-CRec5AeG.js.gz                 342.80kb / gzip: 103.24kb
dist/C:/Users/Alexandre-Janaina/Documents/studysystem---ads-case-study (1)/assets/pdf-Bp9rj9Qa.js.gz                           341.33kb / gzip: 100.01kb
dist/C:/Users/Alexandre-Janaina/Documents/studysystem---ads-case-study (1)/assets/mammoth.browser-Bn_0HeGn.js.gz               488.03kb / gzip: 121.37kb
dist/C:/Users/Alexandre-Janaina/Documents/studysystem---ads-case-study (1)/assets/index-DJuNPJR_.js.gz                         527.08kb / gzip: 150.41kb


node.exe : [31mÔ£ù[39m Build failed in 21.56s
No linha:1 caractere:1
+ & "C:\Program Files\nodejs/node.exe" "C:\Program 
Files\nodejs/node_mo ...
+ ~~~~~~~~~~~~~~~~~~~~~~~~~~~~~~~~~~~~~~~~~~~~~~~~~~~~~
~~~~~~~~~~~~~~~~
    + CategoryInfo          : NotSpecified: ([31mÔ£ù 
   [39m Build failed in 21.56s:String) [], RemoteExce  
  ption
    + FullyQualifiedErrorId : NativeCommandError
 
[31merror during build:
[31m[vite-plugin-pwa:build] [plugin 
vite-plugin-pwa:build] components/features/student/dash
board/StudentDashboard.tsx: There was an error during 
the build:
  Could not resolve "./CourseLayout" from "components/f
eatures/student/dashboard/StudentDashboard.tsx"
Additionally, handling the error in the 'buildEnd' 
hook caused the following error:
  Could not resolve "./CourseLayout" from "components/f
eatures/student/dashboard/StudentDashboard.tsx"[31m
file: [36mC:/Users/Alexandre-Janaina/Documents/studysy
stem---ads-case-study (1)/components/features/student/d
ashboard/StudentDashboard.tsx[31m
    at getRollupError (file:///C:/Users/Alexandre-Janai
na/Documents/studysystem---ads-case-study%20(1)/node_mo
dules/rollup/dist/es/shared/parseAst.js:401:41)
    at file:///C:/Users/Alexandre-Janaina/Documents/stu
dysystem---ads-case-study%20(1)/node_modules/rollup/dis
t/es/shared/node-entry.js:23418:39
    at async catchUnfinishedHookActions (file:///C:/Use
rs/Alexandre-Janaina/Documents/studysystem---ads-case-s
tudy%20(1)/node_modules/rollup/dist/es/shared/node-entr
y.js:22876:16)
    at async rollupInternal (file:///C:/Users/Alexandre
-Janaina/Documents/studysystem---ads-case-study%20(1)/n
ode_modules/rollup/dist/es/shared/node-entry.js:23401:5
)
    at async buildEnvironment (file:///C:/Users/Alexand
re-Janaina/Documents/studysystem---ads-case-study%20(1)
/node_modules/vite/dist/node/chunks/dep-D4NMHUTW.js:462
35:14)
    at async Object.defaultBuildApp [as buildApp] (file
:///C:/Users/Alexandre-Janaina/Documents/studysystem---
ads-case-study%20(1)/node_modules/vite/dist/node/chunks
/dep-D4NMHUTW.js:46713:5)
    at async CAC.<anonymous> (file:///C:/Users/Alexandr
e-Janaina/Documents/studysystem---ads-case-study%20(1)/
node_modules/vite/dist/node/cli.js:863:7)[39m
